    Checking stable_deref_trait v1.2.1
    Checking bytes v1.11.1
    Checking pin-project-lite v0.2.17
    Checking itoa v1.0.18
    Checking futures-core v0.3.32
    Checking libc v0.2.186
    Checking cfg-if v1.0.4
    Checking smallvec v1.15.1
    Checking zerofrom v0.1.7
    Checking litemap v0.8.2
    Checking writeable v0.6.3
    Checking serde_core v1.0.228
    Checking once_cell v1.21.4
    Checking yoke v0.8.2
    Checking memchr v2.8.0
    Checking utf8_iter v1.0.4
    Checking subtle v2.6.1
    Checking zeroize v1.8.2
    Checking futures-task v0.3.32
    Checking typenum v1.20.0
    Checking core-foundation-sys v0.8.7
    Checking percent-encoding v2.3.2
    Checking slab v0.4.12
    Checking rustls-pki-types v1.14.1
    Checking zerovec v0.11.6
    Checking zerotrie v0.2.4
    Checking untrusted v0.9.0
    Checking futures-util v0.3.32
    Checking icu_normalizer_data v2.2.0
    Checking icu_properties_data v2.2.0
    Checking http v1.4.0
    Checking tower-service v0.3.3
    Checking try-lock v0.2.5
    Checking bitflags v2.11.1
    Checking httparse v1.10.1
    Checking errno v0.3.14
    Checking socket2 v0.6.3
    Checking mio v1.2.0
    Checking signal-hook-registry v1.4.8
    Checking getrandom v0.2.17
    Checking want v0.3.1
    Checking ring v0.17.14
    Checking core-foundation v0.9.4
    Checking system-configuration-sys v0.6.0
    Checking tracing-core v0.1.36
    Checking futures-channel v0.3.32
    Checking tokio v1.52.1
    Checking tinystr v0.8.3
    Checking potential_utf v0.1.5
    Checking atomic-waker v1.1.2
    Checking generic-array v0.14.7
    Checking icu_collections v2.2.0
    Checking tracing v0.1.44
    Checking icu_locale_core v2.2.0
    Checking system-configuration v0.7.0
    Checking crossbeam-utils v0.8.21
    Checking http-body v1.0.1
    Checking aho-corasick v1.1.4
    Checking form_urlencoded v1.2.2
    Checking sync_wrapper v1.0.2
    Checking log v0.4.29
    Checking regex-syntax v0.8.10
    Checking base64 v0.22.1
    Checking ryu v1.0.23
    Checking crypto-common v0.1.7
    Checking block-buffer v0.10.4
    Checking ipnet v2.12.0
    Checking tower-layer v0.3.3
    Checking digest v0.10.7
    Checking icu_provider v2.2.0
    Checking crossbeam-epoch v0.9.20
    Checking zmij v1.0.21
    Checking webpki-roots v1.0.7
    Checking icu_properties v2.2.0
    Checking icu_normalizer v2.2.0
    Checking bstr v1.13.1
    Checking hashbrown v0.17.0
    Checking equivalent v1.0.2
    Checking rustls-webpki v0.103.13
    Checking futures-sink v0.3.32
    Checking same-file v1.0.6
    Checking iri-string v0.7.12
    Checking walkdir v2.5.0
    Checking serde v1.0.228
    Checking serde_json v1.0.149
    Checking crossbeam-deque v0.8.7
    Checking http-body-util v0.1.3
    Checking cpufeatures v0.2.17
    Checking regex-automata v0.4.14
    Checking unsafe-libyaml v0.2.11
    Checking indexmap v2.14.0
    Checking thiserror v1.0.69
    Checking rustls v0.23.40
    Checking sha2 v0.10.9
    Checking serde_urlencoded v0.7.1
    Checking camino v1.2.2
    Checking hmac v0.12.1
    Checking idna_adapter v1.2.2
    Checking serde_yaml v0.9.34+deprecated
    Checking idna v1.1.0
    Checking url v2.5.8
    Checking globset v0.4.19
    Checking ignore v0.4.32
    Checking hyper v1.9.0
    Checking tower v0.5.3
    Checking tokio-util v0.7.18
    Checking tokio-rustls v0.26.4
    Checking tower-http v0.6.8
    Checking hyper-util v0.1.20
    Checking hyper-rustls v0.27.9
    Checking reqwest v0.12.28
    Checking pharness-core v0.1.0 (/Users/wardl/Personal/apps/pharness-astra-staging-baseline-admission/crates/pharness-core)
error: this `if` statement can be collapsed
   --> crates/pharness-core/src/tools/cluster/finance/assessment/binding.rs:164:5
    |
164 | /     if trace["trace_state"] == "observed" {
165 | |         if e.expected.application != FinanceApplication::Yfinance
166 | |             || trace["completed_at_unix_ms"].as_u64().is_none()
167 | |             || !hash_matches(trace, "identity_before_sha256", &e.identity_before)
...   |
175 | |     }
    | |_____^
    |
    = help: for further information visit https://rust-lang.github.io/rust-clippy/rust-1.95.0/index.html#collapsible_if
    = note: `-D clippy::collapsible-if` implied by `-D warnings`
    = help: to override `-D warnings` add `#[allow(clippy::collapsible_if)]`
help: collapse nested if block
    |
164 ~     if trace["trace_state"] == "observed"
165 ~         && (e.expected.application != FinanceApplication::Yfinance
166 |             || trace["completed_at_unix_ms"].as_u64().is_none()
...
170 |             || trace["functional_probe_state"] != probes["probe_state"]
171 ~             || !receipt(&trace["receipt"], 512 * 1024))
172 |         {
173 |             return Err("trace_identity_or_probe_fingerprint_mismatch");
174 ~         }
    |

error: could not compile `pharness-core` (lib) due to 1 previous error
warning: build failed, waiting for other jobs to finish...
error: could not compile `pharness-core` (lib test) due to 1 previous error
