#1 [internal] load build definition from Dockerfile
#1 transferring dockerfile: 30B 0.1s
#1 transferring dockerfile: 1.08kB 0.2s done
#1 DONE 0.2s

#2 [internal] load metadata for docker.io/library/nginx:1.31.5-alpine@sha256:72ba65eb42c10344912a84ff42408db7d34f2feb642204570ab8fc5ffd29f1d3
#2 ...

#3 [internal] load metadata for docker.io/library/node:24-bookworm-slim@sha256:6642ef280aebc09c4541bee0b15c9f89f0f3f3c247ddee79ae1d37eddfdcbbaa
#3 DONE 1.6s

#2 [internal] load metadata for docker.io/library/nginx:1.31.5-alpine@sha256:72ba65eb42c10344912a84ff42408db7d34f2feb642204570ab8fc5ffd29f1d3
#2 DONE 1.7s

#4 [internal] load .dockerignore
#4 transferring context: 32B 0.1s
#4 transferring context: 73B 0.3s done
#4 DONE 0.3s

#5 [stage-1 1/4] FROM docker.io/library/nginx:1.31.5-alpine@sha256:72ba65eb42c10344912a84ff42408db7d34f2feb642204570ab8fc5ffd29f1d3
#5 resolve docker.io/library/nginx:1.31.5-alpine@sha256:72ba65eb42c10344912a84ff42408db7d34f2feb642204570ab8fc5ffd29f1d3 done
#5 DONE 0.0s

#6 [builder 1/6] FROM docker.io/library/node:24-bookworm-slim@sha256:6642ef280aebc09c4541bee0b15c9f89f0f3f3c247ddee79ae1d37eddfdcbbaa
#6 resolve docker.io/library/node:24-bookworm-slim@sha256:6642ef280aebc09c4541bee0b15c9f89f0f3f3c247ddee79ae1d37eddfdcbbaa done
#6 sha256:2254049a7d7763ea7d56bf06d9a6d5cb882d88b136a84c18c254ead00ac5c874 448B / 448B 0.2s done
#6 sha256:9803e0ff8c3d881aa142790ec91f17a1a6fa25189d082c58f4e66cbba4253b66 0B / 1.71MB 0.2s
#6 sha256:a82db95c01928dce3a29c0d23bcd2588dafeba6f24ae23115195e3e3d6cc5437 0B / 50.78MB 0.2s
#6 sha256:013634040cec61eda7919c9682291bc50456a54539f410ef5233821fb9a8c4d9 0B / 3.32kB 0.2s
#6 sha256:a8ac7f6c67abc236e4c745052c404112b8fab6fe8ac3a329d1ef3b867ad67c71 0B / 28.23MB 0.2s
#6 ...

#7 [internal] load build context
#7 transferring context: 248.18kB 0.5s done
#7 DONE 0.5s

#6 [builder 1/6] FROM docker.io/library/node:24-bookworm-slim@sha256:6642ef280aebc09c4541bee0b15c9f89f0f3f3c247ddee79ae1d37eddfdcbbaa
#6 sha256:013634040cec61eda7919c9682291bc50456a54539f410ef5233821fb9a8c4d9 3.32kB / 3.32kB 0.5s done
#6 sha256:9803e0ff8c3d881aa142790ec91f17a1a6fa25189d082c58f4e66cbba4253b66 1.05MB / 1.71MB 0.9s
#6 sha256:9803e0ff8c3d881aa142790ec91f17a1a6fa25189d082c58f4e66cbba4253b66 1.71MB / 1.71MB 1.1s done
#6 sha256:a82db95c01928dce3a29c0d23bcd2588dafeba6f24ae23115195e3e3d6cc5437 4.19MB / 50.78MB 2.1s
#6 sha256:a82db95c01928dce3a29c0d23bcd2588dafeba6f24ae23115195e3e3d6cc5437 7.34MB / 50.78MB 3.9s
#6 sha256:a8ac7f6c67abc236e4c745052c404112b8fab6fe8ac3a329d1ef3b867ad67c71 2.10MB / 28.23MB 4.7s
#6 sha256:a82db95c01928dce3a29c0d23bcd2588dafeba6f24ae23115195e3e3d6cc5437 10.49MB / 50.78MB 5.1s
#6 sha256:a82db95c01928dce3a29c0d23bcd2588dafeba6f24ae23115195e3e3d6cc5437 13.63MB / 50.78MB 6.6s
#6 sha256:a82db95c01928dce3a29c0d23bcd2588dafeba6f24ae23115195e3e3d6cc5437 16.78MB / 50.78MB 8.0s
#6 sha256:a8ac7f6c67abc236e4c745052c404112b8fab6fe8ac3a329d1ef3b867ad67c71 4.19MB / 28.23MB 8.7s
#6 sha256:a82db95c01928dce3a29c0d23bcd2588dafeba6f24ae23115195e3e3d6cc5437 19.92MB / 50.78MB 9.2s
#6 sha256:a82db95c01928dce3a29c0d23bcd2588dafeba6f24ae23115195e3e3d6cc5437 23.07MB / 50.78MB 10.2s
#6 ...

#5 [stage-1 1/4] FROM docker.io/library/nginx:1.31.5-alpine@sha256:72ba65eb42c10344912a84ff42408db7d34f2feb642204570ab8fc5ffd29f1d3
#5 sha256:6636b9fc203ce74d0b07a1d3f48cfa0151b23fa5e787232908e560673a66b553 3.15MB / 20.52MB 9.9s
#5 sha256:8f924cf5086c7b8a67e8b3e03b22851c1de8e11b0433c21904ef340d89e5014e 1.40kB / 1.40kB 0.7s done
#5 sha256:51900e10fb9cfad93aa74360e5f938efcbe6d3396a380867b7561c84e5cd2daf 1.21kB / 1.21kB 0.2s done
#5 sha256:bc98d76756163f687c200ed6114df3904623bbb5e7698b420efaf8ef3c81dfcf 404B / 404B 0.2s done
#5 sha256:58c524ea09ced2269cb14533d95b80de9fea9532abbf171585d8acee413893f2 956B / 956B 0.4s done
#5 sha256:af7dd138f4591521064c208da6af07f487ebc3e5b350989c0ec2017b3e5208e3 628B / 628B 0.2s done
#5 sha256:850bf2dcecff7924b238f0b7cbae7b456e5206453b784fe6b4adfc949add274a 4.40MB / 4.40MB 3.1s done
#5 sha256:55afa1ecc21d2bb5e5045f32dafee56272ffd89860bac26f6c32123439af26a4 3.85MB / 3.85MB 3.0s done
#5 extracting sha256:55afa1ecc21d2bb5e5045f32dafee56272ffd89860bac26f6c32123439af26a4 0.1s done
#5 extracting sha256:850bf2dcecff7924b238f0b7cbae7b456e5206453b784fe6b4adfc949add274a 0.1s done
#5 extracting sha256:af7dd138f4591521064c208da6af07f487ebc3e5b350989c0ec2017b3e5208e3 done
#5 extracting sha256:58c524ea09ced2269cb14533d95b80de9fea9532abbf171585d8acee413893f2 done
#5 extracting sha256:bc98d76756163f687c200ed6114df3904623bbb5e7698b420efaf8ef3c81dfcf done
#5 extracting sha256:51900e10fb9cfad93aa74360e5f938efcbe6d3396a380867b7561c84e5cd2daf done
#5 extracting sha256:8f924cf5086c7b8a67e8b3e03b22851c1de8e11b0433c21904ef340d89e5014e done
#5 ...

#6 [builder 1/6] FROM docker.io/library/node:24-bookworm-slim@sha256:6642ef280aebc09c4541bee0b15c9f89f0f3f3c247ddee79ae1d37eddfdcbbaa
#6 sha256:a82db95c01928dce3a29c0d23bcd2588dafeba6f24ae23115195e3e3d6cc5437 26.21MB / 50.78MB 11.1s
#6 sha256:a8ac7f6c67abc236e4c745052c404112b8fab6fe8ac3a329d1ef3b867ad67c71 6.29MB / 28.23MB 11.7s
#6 sha256:a82db95c01928dce3a29c0d23bcd2588dafeba6f24ae23115195e3e3d6cc5437 29.36MB / 50.78MB 12.5s
#6 sha256:a82db95c01928dce3a29c0d23bcd2588dafeba6f24ae23115195e3e3d6cc5437 32.51MB / 50.78MB 13.4s
#6 sha256:a82db95c01928dce3a29c0d23bcd2588dafeba6f24ae23115195e3e3d6cc5437 35.65MB / 50.78MB 14.4s
#6 sha256:a8ac7f6c67abc236e4c745052c404112b8fab6fe8ac3a329d1ef3b867ad67c71 8.39MB / 28.23MB 14.3s
#6 sha256:a82db95c01928dce3a29c0d23bcd2588dafeba6f24ae23115195e3e3d6cc5437 38.80MB / 50.78MB 15.0s
#6 sha256:a82db95c01928dce3a29c0d23bcd2588dafeba6f24ae23115195e3e3d6cc5437 41.94MB / 50.78MB 16.2s
#6 sha256:a8ac7f6c67abc236e4c745052c404112b8fab6fe8ac3a329d1ef3b867ad67c71 10.49MB / 28.23MB 16.2s
#6 sha256:a82db95c01928dce3a29c0d23bcd2588dafeba6f24ae23115195e3e3d6cc5437 45.09MB / 50.78MB 17.3s
#6 sha256:a82db95c01928dce3a29c0d23bcd2588dafeba6f24ae23115195e3e3d6cc5437 49.28MB / 50.78MB 18.5s
#6 sha256:a8ac7f6c67abc236e4c745052c404112b8fab6fe8ac3a329d1ef3b867ad67c71 12.58MB / 28.23MB 18.5s
#6 sha256:a82db95c01928dce3a29c0d23bcd2588dafeba6f24ae23115195e3e3d6cc5437 50.78MB / 50.78MB 18.9s done
#6 sha256:a8ac7f6c67abc236e4c745052c404112b8fab6fe8ac3a329d1ef3b867ad67c71 14.68MB / 28.23MB 20.3s
#6 ...

#5 [stage-1 1/4] FROM docker.io/library/nginx:1.31.5-alpine@sha256:72ba65eb42c10344912a84ff42408db7d34f2feb642204570ab8fc5ffd29f1d3
#5 sha256:6636b9fc203ce74d0b07a1d3f48cfa0151b23fa5e787232908e560673a66b553 7.34MB / 20.52MB 20.1s
#5 ...

#6 [builder 1/6] FROM docker.io/library/node:24-bookworm-slim@sha256:6642ef280aebc09c4541bee0b15c9f89f0f3f3c247ddee79ae1d37eddfdcbbaa
#6 sha256:a8ac7f6c67abc236e4c745052c404112b8fab6fe8ac3a329d1ef3b867ad67c71 16.78MB / 28.23MB 21.2s
#6 sha256:a8ac7f6c67abc236e4c745052c404112b8fab6fe8ac3a329d1ef3b867ad67c71 18.87MB / 28.23MB 21.9s
#6 sha256:a8ac7f6c67abc236e4c745052c404112b8fab6fe8ac3a329d1ef3b867ad67c71 20.97MB / 28.23MB 22.5s
#6 sha256:a8ac7f6c67abc236e4c745052c404112b8fab6fe8ac3a329d1ef3b867ad67c71 23.07MB / 28.23MB 23.3s
#6 sha256:a8ac7f6c67abc236e4c745052c404112b8fab6fe8ac3a329d1ef3b867ad67c71 25.17MB / 28.23MB 24.0s
#6 sha256:a8ac7f6c67abc236e4c745052c404112b8fab6fe8ac3a329d1ef3b867ad67c71 27.26MB / 28.23MB 24.9s
#6 sha256:a8ac7f6c67abc236e4c745052c404112b8fab6fe8ac3a329d1ef3b867ad67c71 28.23MB / 28.23MB 25.0s done
#6 extracting sha256:a8ac7f6c67abc236e4c745052c404112b8fab6fe8ac3a329d1ef3b867ad67c71
#6 extracting sha256:a8ac7f6c67abc236e4c745052c404112b8fab6fe8ac3a329d1ef3b867ad67c71 0.6s done
#6 extracting sha256:013634040cec61eda7919c9682291bc50456a54539f410ef5233821fb9a8c4d9 done
#6 extracting sha256:a82db95c01928dce3a29c0d23bcd2588dafeba6f24ae23115195e3e3d6cc5437
#6 extracting sha256:a82db95c01928dce3a29c0d23bcd2588dafeba6f24ae23115195e3e3d6cc5437 1.0s done
#6 DONE 26.8s

#5 [stage-1 1/4] FROM docker.io/library/nginx:1.31.5-alpine@sha256:72ba65eb42c10344912a84ff42408db7d34f2feb642204570ab8fc5ffd29f1d3
#5 sha256:6636b9fc203ce74d0b07a1d3f48cfa0151b23fa5e787232908e560673a66b553 17.83MB / 20.52MB 26.1s
#5 ...

#6 [builder 1/6] FROM docker.io/library/node:24-bookworm-slim@sha256:6642ef280aebc09c4541bee0b15c9f89f0f3f3c247ddee79ae1d37eddfdcbbaa
#6 extracting sha256:9803e0ff8c3d881aa142790ec91f17a1a6fa25189d082c58f4e66cbba4253b66 0.0s done
#6 extracting sha256:2254049a7d7763ea7d56bf06d9a6d5cb882d88b136a84c18c254ead00ac5c874 done
#6 DONE 26.8s

#8 [builder 2/6] WORKDIR /app
#8 DONE 0.1s

#5 [stage-1 1/4] FROM docker.io/library/nginx:1.31.5-alpine@sha256:72ba65eb42c10344912a84ff42408db7d34f2feb642204570ab8fc5ffd29f1d3
#5 ...

#9 [builder 3/6] COPY package*.json ./
#9 DONE 0.0s

#5 [stage-1 1/4] FROM docker.io/library/nginx:1.31.5-alpine@sha256:72ba65eb42c10344912a84ff42408db7d34f2feb642204570ab8fc5ffd29f1d3
#5 sha256:6636b9fc203ce74d0b07a1d3f48cfa0151b23fa5e787232908e560673a66b553 18.87MB / 20.52MB 26.6s
#5 sha256:6636b9fc203ce74d0b07a1d3f48cfa0151b23fa5e787232908e560673a66b553 19.92MB / 20.52MB 26.7s
#5 sha256:6636b9fc203ce74d0b07a1d3f48cfa0151b23fa5e787232908e560673a66b553 20.52MB / 20.52MB 26.8s done
#5 extracting sha256:6636b9fc203ce74d0b07a1d3f48cfa0151b23fa5e787232908e560673a66b553
#5 extracting sha256:6636b9fc203ce74d0b07a1d3f48cfa0151b23fa5e787232908e560673a66b553 0.4s done
#5 DONE 27.3s

#10 [builder 4/6] RUN npm ci --no-audit --no-fund
#10 21.52
#10 21.52 added 164 packages in 20s
#10 21.54 npm warn install-scripts 1 package has install scripts not yet covered by allowScripts:
#10 21.54 npm warn install-scripts   esbuild@0.27.2 (postinstall: node install.js)
#10 21.54 npm warn install-scripts
#10 21.54 npm warn install-scripts Run `npm install-scripts ls` to review, or `npm install-scripts approve <pkg>` to allow.
#10 21.57 npm notice
#10 21.57 npm notice New major version of npm available! 11.19.0 -> 12.0.2
#10 21.57 npm notice Changelog: https://github.com/npm/cli/releases/tag/v12.0.2
#10 21.57 npm notice To update run: npm install -g npm@12.0.2
#10 21.57 npm notice
#10 DONE 21.7s

#11 [stage-1 2/4] RUN case "$SOURCE_COMMIT" in *[!0-9a-f]*|'') exit 1 ;; esac     && test "${#SOURCE_COMMIT}" -eq 40
#11 DONE 0.1s

#12 [builder 5/6] COPY . .
#12 DONE 0.1s

#13 [builder 6/6] RUN npm test && npm run lint && npm run build
#13 1.924
#13 1.924 > finance-frontend@0.0.0 test
#13 1.924 > node --test
#13 1.924
#13 4.514 ▶ matchTicker
#13 4.514   ✔ returns true for exact ticker match (39.710583ms)
#13 4.518   ✔ returns true for exact name match (1.900375ms)
#13 4.528   ✔ is case-insensitive for ticker and query (1.2485ms)
#13 4.528   ✔ is case-insensitive for name and query (1.281375ms)
#13 4.528   ✔ trims whitespace from the query (1.047375ms)
#13 4.528   ✔ returns false when ticker is missing or null (1.772917ms)
#13 4.528   ✔ returns false when name is missing or null (2.079583ms)
#13 4.528   ✔ returns false for empty query (3.821667ms)
#13 4.532   ✔ returns false for whitespace-only query (12.5925ms)
#13 4.534   ✔ returns false for non-matching query (8.881625ms)
#13 4.544   ✔ returns false when stock is null or undefined (4.942833ms)
#13 4.549   ✔ returns false when query is not a string (2.008125ms)
#13 4.549   ✔ matches partial substrings (1.33ms)
#13 4.550 ✔ matchTicker (109.665459ms)
#13 5.669 ▶ adapter: adaptMarketEnvelope
#13 5.669   ✔ accepts a valid envelope with market, summary, and status (37.443334ms)
#13 5.673   ✔ accepts null status (1.323917ms)
#13 5.675   ✔ rejects a non-object envelope (1.411167ms)
#13 5.675   ✔ rejects missing market field (1.869792ms)
#13 5.676   ✔ rejects invalid market type (1.803458ms)
#13 5.683   ✔ rejects missing summary field (1.669083ms)
#13 5.685   ✔ rejects array summary (0.712125ms)
#13 5.689   ✔ rejects string status (6.49325ms)
#13 5.690   ✔ rejects array status (7.603458ms)
#13 5.699   ✔ rejects an envelope with extra fields but still accepts it (no strict rejection) (8.687209ms)
#13 5.704 ✔ adapter: adaptMarketEnvelope (99.436ms)
#13 5.712 ▶ adapter: formatMarketData
#13 5.712   ✔ formats nested objects without [object Object] (9.0255ms)
#13 5.715   ✔ formats null status correctly (1.997792ms)
#13 5.717   ✔ formats empty summary and status (1.7745ms)
#13 5.721   ✔ formats null values inside objects (1.348584ms)
#13 5.723 ✔ adapter: formatMarketData (17.91625ms)
#13 6.711 ▶ contract: buildUSMarketUrl
#13 6.711   ✔ produces the exact path /markets/US with the configured base (9.12625ms)
#13 6.725   ✔ rejects a URL with /api prefix (2.514542ms)
#13 6.742   ✔ uses the exact base without adding /api (2.534333ms)
#13 6.742   ✔ produces a different URL for a different base (24.935916ms)
#13 6.744 ✔ contract: buildUSMarketUrl (52.834833ms)
#13 7.918 ✔ exact ticker match (16.199375ms)
#13 7.921 ✔ exact name match (2.211ms)
#13 7.923 ✔ case-insensitive matching (0.821459ms)
#13 7.924 ✔ trimmed query handling (1.300792ms)
#13 7.925 ✔ missing ticker field (1.414375ms)
#13 7.938 ✔ missing name field (1.492875ms)
#13 7.941 ✔ null ticker field (0.710833ms)
#13 7.942 ✔ null name field (1.837417ms)
#13 7.942 ✔ empty query returns false (5.515417ms)
#13 7.943 ✔ whitespace-only query returns false (14.123958ms)
#13 7.944 ✔ non-matching query returns false (2.956458ms)
#13 7.947 ✔ null stock returns false (1.388625ms)
#13 7.955 ✔ undefined stock returns false (0.662958ms)
#13 7.957 ✔ non-string query returns false (1.635042ms)
#13 7.957 ✔ partial substring match (2.466125ms)
#13 8.928 ✔ TIME_FRAMES exposes the supported labels and day mappings (17.357375ms)
#13 8.936 ✔ getTimeFrameDays resolves each bounded time frame (2.93125ms)
#13 8.947 ✔ getTimeFrameDays preserves the existing one-year fallback (1.500667ms)
#13 9.040 ℹ tests 49
#13 9.041 ℹ suites 4
#13 9.041 ℹ pass 49
#13 9.041 ℹ fail 0
#13 9.041 ℹ cancelled 0
#13 9.041 ℹ skipped 0
#13 9.041 ℹ todo 0
#13 9.041 ℹ duration_ms 6448.611086
#13 10.94
#13 10.94 > finance-frontend@0.0.0 lint
#13 10.94 > eslint .
#13 10.94
#13 28.23
#13 28.23 /app/src/pages/Dashboard.jsx
#13 28.23   140:8  warning  React Hook useEffect has missing dependencies: 'fetchScrapeStatus' and 'fetchTickers'. Either include them or remove the dependency array  react-hooks/exhaustive-deps
#13 28.23
#13 28.23 ✖ 1 problem (0 errors, 1 warning)
#13 28.23
#13 30.37
#13 30.37 > finance-frontend@0.0.0 build
#13 30.37 > vite build
#13 30.37
#13 32.98 vite v7.3.1 building client environment for production...
#13 33.37 transforming...
#13 46.28 ✓ 78 modules transformed.
#13 47.87 rendering chunks...
#13 47.94 computing gzip size...
#13 48.02 dist/index.html                   0.46 kB │ gzip:   0.30 kB
#13 48.02 dist/assets/index-COFeTxSb.css   25.09 kB │ gzip:   4.96 kB
#13 48.02 dist/assets/index-wM_aJZK4.js   438.78 kB │ gzip: 143.51 kB
#13 48.02 ✓ built in 14.90s
#13 DONE 48.2s

#14 [stage-1 3/4] COPY --from=builder /app/dist /usr/share/nginx/html
#14 DONE 0.0s

#15 [stage-1 4/4] RUN echo 'server {     listen 80;     root /usr/share/nginx/html;     index index.html;     location / {         try_files $uri $uri/ /index.html;     } }' > /etc/nginx/conf.d/default.conf
#15 DONE 0.1s

#16 exporting to image
#16 exporting layers 0.0s done
#16 exporting manifest sha256:387a1f829181dc283dc2033ae204a754f863616ad86937a749d07ff8549df987 done
#16 exporting config sha256:f4ff29050c37a7375772bc69b76a1e46144449fdc4e9efffba862d6dcf5bde7d done
#16 pushing layers
#16 ...

#17 [auth] sharing credentials for registry.lucas.engineering
#17 DONE 0.0s

#16 exporting to image
#16 pushing layers 246.2s done
#16 pushing manifest for registry.lucas.engineering/finance-frontend:git-c4d64f9242f2955064f99e659bf1648ce6bc4273@sha256:387a1f829181dc283dc2033ae204a754f863616ad86937a749d07ff8549df987
#16 pushing manifest for registry.lucas.engineering/finance-frontend:git-c4d64f9242f2955064f99e659bf1648ce6bc4273@sha256:387a1f829181dc283dc2033ae204a754f863616ad86937a749d07ff8549df987 10.3s done
#16 DONE 256.6s
