    Checking smallvec v1.15.1
    Checking serde_core v1.0.228
    Checking getrandom v0.2.17
    Checking slab v0.4.12
    Checking futures-task v0.3.32
    Checking tracing-core v0.1.36
    Checking futures-channel v0.3.32
    Checking log v0.4.29
    Checking regex-automata v0.4.14
    Checking hmac v0.12.1
    Checking icu_normalizer v2.2.0
    Checking ring v0.17.14
    Checking futures-util v0.3.32
    Checking hyper v1.9.0
    Checking tracing v0.1.44
    Checking idna_adapter v1.2.2
    Checking idna v1.1.0
    Checking rustls-webpki v0.103.13
    Checking tower v0.5.3
    Checking hyper-util v0.1.20
    Checking globset v0.4.19
    Checking rustls v0.23.40
    Checking serde v1.0.228
    Checking serde_json v1.0.149
    Checking camino v1.2.2
    Checking ignore v0.4.32
    Checking tower-http v0.6.8
    Checking url v2.5.8
    Checking serde_urlencoded v0.7.1
    Checking serde_yaml v0.9.34+deprecated
    Checking tokio-rustls v0.26.4
    Checking hyper-rustls v0.27.9
    Checking reqwest v0.12.28
    Checking pharness-core v0.1.0 (/Users/wardl/Personal/apps/pharness-astra-production-authority-after-m04/crates/pharness-core)
    Finished `dev` profile [unoptimized + debuginfo] target(s) in 9.28s
