   Compiling proc-macro2 v1.0.106
   Compiling unicode-ident v1.0.24
   Compiling quote v1.0.45
   Compiling libc v0.2.186
    Checking stable_deref_trait v1.2.1
    Checking pin-project-lite v0.2.17
    Checking bytes v1.11.1
    Checking itoa v1.0.18
    Checking futures-core v0.3.32
   Compiling shlex v1.3.0
   Compiling find-msvc-tools v0.1.9
   Compiling serde_core v1.0.228
   Compiling version_check v0.9.5
    Checking cfg-if v1.0.4
    Checking writeable v0.6.3
    Checking litemap v0.8.2
    Checking smallvec v1.15.1
   Compiling cc v1.2.61
   Compiling generic-array v0.14.7
    Checking memchr v2.8.0
    Checking zeroize v1.8.2
    Checking utf8_iter v1.0.4
    Checking http v1.4.0
   Compiling icu_properties_data v2.2.0
   Compiling icu_normalizer_data v2.2.0
    Checking once_cell v1.21.4
    Checking subtle v2.6.1
    Checking rustls-pki-types v1.14.1
    Checking futures-task v0.3.32
    Checking http-body v1.0.1
    Checking core-foundation-sys v0.8.7
   Compiling system-configuration-sys v0.6.0
    Checking typenum v1.20.0
    Checking slab v0.4.12
   Compiling httparse v1.10.1
    Checking percent-encoding v2.3.2
   Compiling ring v0.17.14
    Checking untrusted v0.9.0
   Compiling serde v1.0.228
    Checking futures-util v0.3.32
    Checking errno v0.3.14
    Checking signal-hook-registry v1.4.8
    Checking mio v1.2.0
    Checking socket2 v0.6.3
    Checking getrandom v0.2.17
    Checking bitflags v2.11.1
   Compiling syn v2.0.117
    Checking try-lock v0.2.5
   Compiling rustls v0.23.40
    Checking tower-service v0.3.3
   Compiling crossbeam-utils v0.8.21
    Checking want v0.3.1
    Checking core-foundation v0.9.4
    Checking tracing-core v0.1.36
    Checking futures-channel v0.3.32
    Checking atomic-waker v1.1.2
   Compiling zmij v1.0.21
   Compiling crossbeam-epoch v0.9.20
    Checking tracing v0.1.44
    Checking form_urlencoded v1.2.2
    Checking aho-corasick v1.1.4
    Checking block-buffer v0.10.4
    Checking crypto-common v0.1.7
    Checking sync_wrapper v1.0.2
    Checking regex-syntax v0.8.10
    Checking tower-layer v0.3.3
   Compiling serde_json v1.0.149
    Checking log v0.4.29
    Checking base64 v0.22.1
    Checking ryu v1.0.23
   Compiling crossbeam-deque v0.8.7
    Checking ipnet v2.12.0
    Checking digest v0.10.7
    Checking webpki-roots v1.0.7
    Checking regex-automata v0.4.14
    Checking bstr v1.13.1
    Checking system-configuration v0.7.0
   Compiling thiserror v1.0.69
    Checking futures-sink v0.3.32
    Checking iri-string v0.7.12
    Checking equivalent v1.0.2
    Checking same-file v1.0.6
   Compiling camino v1.2.2
    Checking hashbrown v0.17.0
   Compiling synstructure v0.13.2
    Checking indexmap v2.14.0
    Checking walkdir v2.5.0
    Checking globset v0.4.19
    Checking cpufeatures v0.2.17
    Checking http-body-util v0.1.3
    Checking unsafe-libyaml v0.2.11
    Checking sha2 v0.10.9
    Checking hmac v0.12.1
    Checking ignore v0.4.32
   Compiling zerofrom-derive v0.1.7
   Compiling yoke-derive v0.8.2
   Compiling zerovec-derive v0.11.3
   Compiling displaydoc v0.2.5
   Compiling tokio-macros v2.7.0
   Compiling serde_derive v1.0.228
   Compiling thiserror-impl v1.0.69
   Compiling async-trait v0.1.89
    Checking tokio v1.52.1
    Checking zerofrom v0.1.7
    Checking yoke v0.8.2
    Checking rustls-webpki v0.103.13
    Checking zerovec v0.11.6
    Checking zerotrie v0.2.4
    Checking serde_urlencoded v0.7.1
    Checking serde_yaml v0.9.34+deprecated
    Checking tinystr v0.8.3
    Checking potential_utf v0.1.5
    Checking icu_collections v2.2.0
    Checking icu_locale_core v2.2.0
    Checking hyper v1.9.0
    Checking tower v0.5.3
    Checking tokio-rustls v0.26.4
    Checking tokio-util v0.7.18
    Checking icu_provider v2.2.0
    Checking tower-http v0.6.8
    Checking icu_properties v2.2.0
    Checking icu_normalizer v2.2.0
    Checking hyper-util v0.1.20
    Checking hyper-rustls v0.27.9
    Checking idna_adapter v1.2.2
    Checking idna v1.1.0
    Checking url v2.5.8
    Checking reqwest v0.12.28
    Checking pharness-core v0.1.0 (/Users/wardl/Personal/apps/pharness-astra-probe-traces/crates/pharness-core)
error[E0365]: `Context` is private, and cannot be re-exported
  --> crates/pharness-core/src/tools/cluster/finance/signals.rs:14:16
   |
14 | pub(super) use window::Context as WindowContext;
   |                ^^^^^^^^^^^^^^^^^^^^^^^^^^^^^^^^ re-export of private `Context`
   |
   = note: consider declaring type or module `Context` with `pub`

error[E0603]: struct import `WindowContext` is private
  --> crates/pharness-core/src/tools/cluster/finance/traces.rs:3:14
   |
 3 |     signals::WindowContext, timestamp, FinanceApplication, FinanceDeploymentExpectation,
   |              ^^^^^^^^^^^^^ private struct import
   |
note: the struct import `WindowContext` is defined here...
  --> crates/pharness-core/src/tools/cluster/finance/signals.rs:14:16
   |
14 | pub(super) use window::Context as WindowContext;
   |                ^^^^^^^^^^^^^^^^^^^^^^^^^^^^^^^^
note: ...and refers to the struct `Context` which is defined here
  --> crates/pharness-core/src/tools/cluster/finance/signals/window.rs:13:1
   |
13 | pub(super) struct Context {
   | ^^^^^^^^^^^^^^^^^^^^^^^^^

Some errors have detailed explanations: E0365, E0603.
For more information about an error, try `rustc --explain E0365`.
error: could not compile `pharness-core` (lib) due to 2 previous errors
